// Jest Snapshot v1, https://goo.gl/fbAQLP

exports[`<Form /> should render a form element with bootstrap extra tags 1`] = `
<form
  onSubmit={[Function]}
  state={
    Object {
      "username": "joebloggs",
    }
  }
>
  <div
    className="form-group"
  >
    <input
      className="form-control "
      name="username"
      onChange={[Function]}
      type="text"
    />
  </div>
</form>
`;

exports[`<Form /> should render a form element with no extra tags 1`] = `
<form
  onSubmit={[Function]}
  state={
    Object {
      "username": "joebloggs",
    }
  }
>
  <div
    className="form-group"
  >
    <input
      className="form-control "
      name="username"
      onChange={[Function]}
      type="text"
    />
  </div>
</form>
`;
